// Jest Snapshot v1, https://goo.gl/fbAQLP

exports[`renders 1`] = `
<div
  className="div-1648223554"
  onBlur={[Function]}
  onFocus={[Function]}
  onKeyDown={[Function]}
  role="radiogroup"
  tabIndex={0}
>
  <div
    className="div-828019517 div-vertical-828019517"
  >
    <div
      title={undefined}
    >
      <input
        aria-labelledby="aria1"
        checked={true}
        className="Input-161314557"
        disabled={undefined}
        onBlur={[Function]}
        onChange={[Function]}
        onFocus={[Function]}
        tabIndex={-1}
        type="radio"
      />
      <div
        className="Block-2087937970 Block-ltr-2087937970"
        onClick={[Function]}
        style={
          Object {
            "bottom": undefined,
            "display": undefined,
            "float": undefined,
            "height": undefined,
            "left": undefined,
            "marginBottom": undefined,
            "marginLeft": undefined,
            "marginRight": undefined,
            "marginTop": undefined,
            "maxHeight": undefined,
            "maxWidth": undefined,
            "minHeight": undefined,
            "minWidth": undefined,
            "paddingBottom": undefined,
            "paddingLeft": undefined,
            "paddingRight": undefined,
            "paddingTop": undefined,
            "position": "relative",
            "right": undefined,
            "textAlign": undefined,
            "top": undefined,
            "verticalAlign": undefined,
            "whiteSpace": undefined,
            "width": undefined,
          }
        }
      >
        <div
          className="div-3928652604"
          id="aria1"
        >
          A
        </div>
        <div
          className="div-2120500968"
        />
      </div>
    </div>
  </div>
  <div
    className="div-828019517 div-vertical-828019517"
  >
    <div
      title={undefined}
    >
      <input
        aria-labelledby="aria2"
        checked={false}
        className="Input-161314557"
        disabled={undefined}
        onBlur={[Function]}
        onChange={[Function]}
        onFocus={[Function]}
        tabIndex={-1}
        type="radio"
      />
      <div
        className="Block-2087937970 Block-ltr-2087937970"
        onClick={[Function]}
        style={
          Object {
            "bottom": undefined,
            "display": undefined,
            "float": undefined,
            "height": undefined,
            "left": undefined,
            "marginBottom": undefined,
            "marginLeft": undefined,
            "marginRight": undefined,
            "marginTop": undefined,
            "maxHeight": undefined,
            "maxWidth": undefined,
            "minHeight": undefined,
            "minWidth": undefined,
            "paddingBottom": undefined,
            "paddingLeft": undefined,
            "paddingRight": undefined,
            "paddingTop": undefined,
            "position": "relative",
            "right": undefined,
            "textAlign": undefined,
            "top": undefined,
            "verticalAlign": undefined,
            "whiteSpace": undefined,
            "width": undefined,
          }
        }
      >
        <div
          className="div-3928652604"
          id="aria2"
        >
          B
        </div>
        <div
          className="div-2120500968"
        />
      </div>
    </div>
  </div>
</div>
`;
